6.4s 1 /usr/local/lib/python3.12/dist-packages/nbformat/__init__.py:96: MissingIDFieldWarning: Cell is missing an id field, this will become a hard error in future nbformat versions. You may want to use `normalize()` on your notebooks before validations (available since nbformat 5.1.4). Previous versions of nbformat are fixing this issue transparently, and will stop doing so in the future.
6.4s 2 validate(nb)
7.3s 3 0.00s - Debugger warning: It seems that frozen modules are being used, which may
7.3s 4 0.00s - make the debugger miss breakpoints. Please pass -Xfrozen_modules=off
7.3s 5 0.00s - to python to disable frozen modules.
7.3s 6 0.00s - Note: Debugging will proceed. Set PYDEVD_DISABLE_FILE_VALIDATION=1 to disable this validation.
7.9s 7 0.00s - Debugger warning: It seems that frozen modules are being used, which may
7.9s 8 0.00s - make the debugger miss breakpoints. Please pass -Xfrozen_modules=off
7.9s 9 0.00s - to python to disable frozen modules.
7.9s 10 0.00s - Note: Debugging will proceed. Set PYDEVD_DISABLE_FILE_VALIDATION=1 to disable this validation.
9.2s 11 Kernel Python: 3.12 (/usr/bin/python3)
9.2s 12 ============================================================
9.2s 13 STEP 1: Installing Miniforge3...
9.2s 14 ============================================================
9.2s 15 Downloading...
16.1s 16 ✅ Miniforge3 installed (7s)
16.1s 17 
16.1s 18 ============================================================
16.1s 19 STEP 2: Mamba install...
16.1s 20 ============================================================
16.1s 21 → python=3.12 numpy openmm cudatoolkit openmmforcefields openff-toolkit ambertools pdbfixer parmed
338.7s 22 ✅ Packages installed (329s)
338.7s 23 Cleaning conda rdkit+scipy (will use pip versions)...
343.4s 24 ✅ Removed conda rdkit+scipy (234 files)
346.2s 25 Installing rdkit+scipy via pip...
353.8s 26 ✅ pip: rdkit
356.9s 27 ✅ pip: scipy
356.9s 28 
356.9s 29 ============================================================
356.9s 30 STEP 3: Remove system numpy & patch paths...
356.9s 31 ============================================================
358.5s 32 ✅ Flushed 86 cached modules
358.5s 33 ✅ sys.path += /tmp/miniforge/lib/python3.12/site-packages
358.5s 34 ✅ sys.path += /tmp/miniforge/lib/python3.1/site-packages
358.5s 35 ✅ Environment set
358.5s 36 
358.5s 37 ============================================================
358.5s 38 STEP 4: Verifying...
358.5s 39 ============================================================
358.5s 40 ✅ numpy 2.4.2
358.5s 41 ✅ OpenMM 8.2
358.5s 42 ✅ CUDA: ready
358.5s 43 ✅ openff.toolkit
358.5s 44 ✅ openmmforcefields
358.5s 45 ✅ mdtraj 1.11.1
358.5s 46 
358.5s 47 Setup: 350s
358.5s 48 ============================================================
358.6s 49 Searching for dataset...
358.6s 50 Known slugs not found, searching recursively...
358.8s 51 ============================================================
358.8s 52 MM-GBSA: Phalerin_AGTR1
358.8s 53 Dataset: /kaggle/input/datasets/engkinandatama/md-phalerin-agtr1-final-output/md_results/Phalerin_AGTR1
358.8s 54 ============================================================
358.8s 55 
358.8s 56 Found 3 DCD files (stride=2):
392.4s 57 production_run1.dcd: 2163 frames (4.09 GB on disk)
419.5s 58 production_run2.dcd: 1780 frames (3.36 GB on disk)
436.7s 59 production_run3.dcd: 1220 frames (2.30 GB on disk)
436.7s 60 production_run1.dcd time → 0-43.2 ns
436.7s 61 production_run2.dcd time → 43.3-78.8 ns
436.7s 62 production_run3.dcd time → 78.9-103.2 ns
448.9s 63 ✂️  Trimmed 5163 → 5001 frames
448.9s 64 
448.9s 65 📊 Combined: 5,001 frames, 100.0 ns (~4.7 GB)
448.9s 66 Protein: 6725 atoms
448.9s 67 Ligand: 34 atoms
448.9s 68 Ligand SDF: /kaggle/input/datasets/engkinandatama/md-phalerin-agtr1-final-output/md_results/Phalerin_AGTR1/Phalerin.sdf
453.7s 69 dcdplugin) detected standard 32-bit DCD file of native endianness
453.7s 70 dcdplugin) CHARMM format DCD file (also NAMD 2.1 and later)
453.7s 71 dcdplugin) detected standard 32-bit DCD file of native endianness
453.7s 72 dcdplugin) CHARMM format DCD file (also NAMD 2.1 and later)
453.7s 73 dcdplugin) detected standard 32-bit DCD file of native endianness
453.7s 74 dcdplugin) CHARMM format DCD file (also NAMD 2.1 and later)
453.9s 75 dcdplugin) detected standard 32-bit DCD file of native endianness
453.9s 76 dcdplugin) CHARMM format DCD file (also NAMD 2.1 and later)
453.9s 77 dcdplugin) detected standard 32-bit DCD file of native endianness
453.9s 78 dcdplugin) CHARMM format DCD file (also NAMD 2.1 and later)
453.9s 79 dcdplugin) detected standard 32-bit DCD file of native endianness
453.9s 80 dcdplugin) CHARMM format DCD file (also NAMD 2.1 and later)
453.9s 81 ============================================================
453.9s 82 MM-GBSA BINDING FREE ENERGY
453.9s 83 ============================================================
453.9s 84 
453.9s 85 Loading ligand molecule for GAFF template...
453.9s 86 ✅ Loaded Phalerin: 34 atoms
453.9s 87 Setting up ForceField + GAFF2...
454.3s 88 ✅ GAFF2 template registered (fixes UNL residue bug)
454.3s 89 
454.3s 90 Analyzing 100 frames (from frame 1000 to 5000)
454.3s 91 Time range: 20.0 - 100.0 ns
455.0s 92 ✅ Reference PDBs written (complex + receptor)
455.0s 93 ✅ Ligand OpenMM topology built from SDF (34 atoms, 37 bonds)
455.0s 94 
455.0s 95 Building 3 GB systems (complex, receptor, ligand)...
478.9s 96 → complex.pdb: CUDA ✅
482.8s 97 → receptor.pdb: CUDA ✅
482.8s 98 → ligand (OpenFF): CUDA ✅
482.8s 99 ✅ All three systems built
482.8s 100 Force groups (complex): {0: 'HarmonicBondForce', 1: 'PeriodicTorsionForce', 2: 'NonbondedForce', 3: 'CMMotionRemover', 4: 'HarmonicAngleForce', 5: 'CustomGBForce'}
482.8s 101 
482.8s 102 🚀 Computing 100 frames with energy decomposition...
491.3s 103 [10/100] 10 OK, 0 err | last ΔG=-26.3 | ETA: 74s
496.0s 104 [20/100] 20 OK, 0 err | last ΔG=-31.7 | ETA: 53s
500.9s 105 [30/100] 30 OK, 0 err | last ΔG=-28.0 | ETA: 42s
505.5s 106 [40/100] 40 OK, 0 err | last ΔG=-23.7 | ETA: 34s
510.5s 107 [50/100] 50 OK, 0 err | last ΔG=-26.8 | ETA: 28s
515.5s 108 [60/100] 60 OK, 0 err | last ΔG=-27.1 | ETA: 22s
520.0s 109 [70/100] 70 OK, 0 err | last ΔG=-27.3 | ETA: 16s
525.0s 110 [80/100] 80 OK, 0 err | last ΔG=-24.8 | ETA: 10s
529.4s 111 [90/100] 90 OK, 0 err | last ΔG=-39.3 | ETA: 5s
533.7s 112 [100/100] 100 OK, 0 err | last ΔG=-32.8 | ETA: 0s
533.7s 113 
533.7s 114 ⏱️  MM-GBSA completed in 51.3s (0.9 min)
533.7s 115 
533.7s 116 ============================================================
533.7s 117 📊 MM-GBSA RESULTS (100/100 frames)
533.7s 118 ============================================================
533.7s 119 ΔG_total   =   -27.47 ± 0.35 kcal/mol
533.7s 120 ΔE_gas     =   -34.14 ± 0.78 kcal/mol  (VdW + Ele + bonded)
533.7s 121 ΔE_vdw+ele =   -34.14 ± 0.78 kcal/mol  (NonbondedForce only)
533.7s 122 ΔG_solv    =     6.67 ± 0.50 kcal/mol  (GB solvation)
533.7s 123 Errors:    0
533.7s 124 ============================================================
534.7s 125 Kernel died while waiting for execute reply.
534.7s 126 Traceback (most recent call last):
534.7s 127 File "/usr/local/lib/python3.12/dist-packages/nbclient/client.py", line 949, in async_execute_cell
534.7s 128 exec_reply = await self.task_poll_for_reply
534.7s 129 ^^^^^^^^^^^^^^^^^^^^^^^^^^^^^^
534.7s 130 File "/usr/local/lib/python3.12/dist-packages/nbclient/client.py", line 730, in _async_poll_for_reply
534.7s 131 msg = await ensure_async(self.kc.shell_channel.get_msg(timeout=new_timeout))
534.7s 132 ^^^^^^^^^^^^^^^^^^^^^^^^^^^^^^^^^^^^^^^^^^^^^^^^^^^^^^^^^^^^^^^^^^^^^^
534.7s 133 File "/usr/local/lib/python3.12/dist-packages/nbclient/util.py", line 96, in ensure_async
534.7s 134 result = await obj
534.7s 135 ^^^^^^^^^
534.7s 136 File "/usr/local/lib/python3.12/dist-packages/jupyter_client/channels.py", line 224, in get_msg
534.7s 137 ready = await self.socket.poll(timeout)
534.7s 138 ^^^^^^^^^^^^^^^^^^^^^^^^^^^^^^^
534.7s 139 asyncio.exceptions.CancelledError
534.7s 140 
534.7s 141 During handling of the above exception, another exception occurred:
534.7s 142 
534.7s 143 Traceback (most recent call last):
534.7s 144 File "<string>", line 1, in <module>
534.7s 145 File "/usr/local/lib/python3.12/dist-packages/papermill/execute.py", line 116, in execute_notebook
534.7s 146 nb = papermill_engines.execute_notebook_with_engine(
534.7s 147 ^^^^^^^^^^^^^^^^^^^^^^^^^^^^^^^^^^^^^^^^^^^^^^^
534.7s 148 File "/usr/local/lib/python3.12/dist-packages/papermill/engines.py", line 48, in execute_notebook_with_engine
534.7s 149 return self.get_engine(engine_name).execute_notebook(nb, kernel_name, **kwargs)
534.7s 150 ^^^^^^^^^^^^^^^^^^^^^^^^^^^^^^^^^^^^^^^^^^^^^^^^^^^^^^^^^^^^^^^^^^^^^^^^
534.7s 151 File "/usr/local/lib/python3.12/dist-packages/papermill/engines.py", line 370, in execute_notebook
534.7s 152 cls.execute_managed_notebook(nb_man, kernel_name, log_output=log_output, **kwargs)
534.7s 153 File "/usr/local/lib/python3.12/dist-packages/papermill/engines.py", line 442, in execute_managed_notebook
534.7s 154 return PapermillNotebookClient(nb_man, **final_kwargs).execute()
534.7s 155 ^^^^^^^^^^^^^^^^^^^^^^^^^^^^^^^^^^^^^^^^^^^^^^^^^^^^^^^^^
534.7s 156 File "/usr/local/lib/python3.12/dist-packages/papermill/clientwrap.py", line 45, in execute
534.7s 157 self.papermill_execute_cells()
534.7s 158 File "/usr/local/lib/python3.12/dist-packages/papermill/clientwrap.py", line 72, in papermill_execute_cells
534.7s 159 self.execute_cell(cell, index)
534.7s 160 File "/usr/local/lib/python3.12/dist-packages/nbclient/util.py", line 84, in wrapped
534.7s 161 return just_run(coro(*args, **kwargs))
534.7s 162 ^^^^^^^^^^^^^^^^^^^^^^^^^^^^^^^
534.7s 163 File "/usr/local/lib/python3.12/dist-packages/nbclient/util.py", line 62, in just_run
534.7s 164 return loop.run_until_complete(coro)
534.7s 165 ^^^^^^^^^^^^^^^^^^^^^^^^^^^^^
534.7s 166 File "/usr/lib/python3.12/asyncio/base_events.py", line 691, in run_until_complete
534.7s 167 return future.result()
534.7s 168 ^^^^^^^^^^^^^^^
534.7s 169 File "/usr/local/lib/python3.12/dist-packages/nbclient/client.py", line 953, in async_execute_cell
534.7s 170 raise DeadKernelError("Kernel died")
534.7s 171 nbclient.exceptions.DeadKernelError: Kernel died
537.1s 172 /usr/local/lib/python3.12/dist-packages/mistune.py:435: SyntaxWarning: invalid escape sequence '\|'
537.1s 173 cells[i][c] = re.sub('\\\\\|', '|', cell)
537.3s 174 /usr/local/lib/python3.12/dist-packages/nbconvert/filters/filter_links.py:36: SyntaxWarning: invalid escape sequence '\_'
537.3s 175 text = re.sub(r'_', '\_', text) # Escape underscores in display text
537.9s 176 /usr/local/lib/python3.12/dist-packages/traitlets/traitlets.py:2915: FutureWarning: --Exporter.preprocessors=["remove_papermill_header.RemovePapermillHeader"] for containers is deprecated in traitlets 5.0. You can pass `--Exporter.preprocessors item` ... multiple times to add items to a list.
537.9s 177 warn(
538.0s 178 [NbConvertApp] Converting notebook __notebook__.ipynb to notebook
538.3s 179 [NbConvertApp] Writing 42723 bytes to __notebook__.ipynb
540.9s 180 /usr/local/lib/python3.12/dist-packages/traitlets/traitlets.py:2915: FutureWarning: --Exporter.preprocessors=["nbconvert.preprocessors.ExtractOutputPreprocessor"] for containers is deprecated in traitlets 5.0. You can pass `--Exporter.preprocessors item` ... multiple times to add items to a list.
540.9s 181 warn(
540.9s 182 [NbConvertApp] Converting notebook __notebook__.ipynb to html
541.5s 183 [NbConvertApp] Writing 424254 bytes to __results__.html